
=== PLAN (SoA reads /Users/raghavkundra/Desktop/Dev/dent/apps/admin-ui) ===
  5 flow(s) generated:
   [0] Admin Login (admin) — 5 steps
   [1] Browse Users and View User Details (admin) — 6 steps
   [2] View and Filter Plans (admin) — 6 steps
   [3] Monitor Chats and View Conversations (admin) — 6 steps
   [4] Send Bulk Notifications to Users (admin) — 8 steps

=== EXECUTE (Playwright drives "Browse Users and View User Details" against https://admin.thedent.in) ===
  status: failed
   step -1: PASS  — logged in as ***REDACTED***
   step 0: FAIL  — no element found for "Users in the main navigation"
   step 1: FAIL  — no element found for "user statistics cards at the top"
   step 2: PASS  
   step 3: FAIL  — no element found for "Filters"
   step 4: FAIL  — no element found for "a Signup State filter"
   step 5: PASS  

=== VERIFY (SoA triages the result against /Users/raghavkundra/Desktop/Dev/dent/apps/admin-ui) ===
  flowCovered: false
   step 0: FLAKY_SELECTOR — The 'Users' navigation link exists in the code (Layout.tsx:99 with label 'Users' rendered in the nav [src/components/Layout.tsx:99]
   step 1: FLAKY_SELECTOR — User statistics cards (Total Users, Active Users, Paid Users, Filtered Results) are rendered in the  [src/pages/Users.tsx:299-322]
   step 2: EXPECTED — The search box exists in the Users component and the test passed. The functionality is implemented a [src/pages/Users.tsx:330-336]
   step 3: FLAKY_SELECTOR — A 'Filters' button with text label 'Filters' exists in the Users component (line 343). The test sele [src/pages/Users.tsx:338-345]
   step 4: UNVERIFIED — The Signup State filter is conditionally rendered only when showFilters is true (Users.tsx:348-367). [src/pages/Users.tsx:348-367]
   step 5: EXPECTED — Test passed. Clicking user rows navigates to /users/{id} (Users.tsx:466) and UserDetails component l [src/pages/Users.tsx:466 and src/pages/UserDetails.tsx:60-100]

=== LOOP COMPLETE ===
{
 "flow": "Browse Users and View User Details",
 "exec": "failed",
 "verification": {
  "flowCovered": false,
  "findings": [
   {
    "stepIndex": 0,
    "verdict": "flaky_selector",
    "reasoning": "The 'Users' navigation link exists in the code (Layout.tsx:99 with label 'Users' rendered in the navigation sidebar), but the test selector failed to locate it. The element is definitely present in the UI as defined in the Layout component.",
    "codeRef": "src/components/Layout.tsx:99"
   },
   {
    "stepIndex": 1,
    "verdict": "flaky_selector",
    "reasoning": "User statistics cards (Total Users, Active Users, Paid Users, Filtered Results) are rendered in the Users page component. The test selector failed to locate them, but they are clearly defined in the code.",
    "codeRef": "src/pages/Users.tsx:299-322"
   },
   {
    "stepIndex": 2,
    "verdict": "expected",
    "reasoning": "The search box exists in the Users component and the test passed. The functionality is implemented as a text input with debounced search.",
    "codeRef": "src/pages/Users.tsx:330-336"
   },
   {
    "stepIndex": 3,
    "verdict": "flaky_selector",
    "reasoning": "A 'Filters' button with text label 'Filters' exists in the Users component (line 343). The test selector failed to find it, but the element is clearly present in the JSX render.",
    "codeRef": "src/pages/Users.tsx:338-345"
   },
   {
    "stepIndex": 4,
    "verdict": "unverified",
    "reasoning": "The Signup State filter is conditionally rendered only when showFilters is true (Users.tsx:348-367). Since step 3 failed to click the Filters button, this filter would not be visible. Cannot verify if the feature itself works without successful execution of the prior step.",
    "codeRef": "src/pages/Users.tsx:348-367"
   },
   {
    "stepIndex": 5,
    "verdict": "expected",
    "reasoning": "Test passed. Clicking user rows navigates to /users/{id} (Users.tsx:466) and UserDetails component loads with Profile, Plans, Logs,
