
=== PLAN (cached from /tmp/dent_cached_plan.json) ===
  5 flow(s):
   [0] Admin Login (admin) — 5 steps
   [1] Browse and Filter Users (admin) — 6 steps
   [2] View User Details and Plans (admin) — 4 steps
   [3] Monitor AI Chat Conversations (admin) — 5 steps
   [4] Send Bulk Notification to Users (admin) — 8 steps

=== EXECUTE (Playwright drives "Browse and Filter Users" against https://admin.thedent.in) ===
  status: failed
   step -1: PASS  — logged in as ***@*** (url: https://admin.thedent.in/)
   step 0: PASS  
   step 1: PASS  
   step 2: PASS  
   step 3: FAIL  — no match for "a signup state from the" (best=0). Candidates on page: button:"Sea
   step 4: PASS  
   step 5: PASS  

=== VERIFY (SoA triages the result against /Users/raghavkundra/Desktop/Dev/dent/apps/admin-ui) ===
  flowCovered: true
   step -1: EXPECTED — Auth login step passed as expected; user logged in successfully
   step 0: EXPECTED — Navigation to /users page succeeded as expected; Users component renders the page at correct route [src/pages/Users.tsx:86]
   step 1: EXPECTED — Search input field was found and focused; code renders search input at line 330-336 [src/pages/Users.tsx:330-336]
   step 2: EXPECTED — Filters button was clicked successfully; code renders toggle button at line 338-345, which expands f [src/pages/Users.tsx:338-345]
   step 3: FLAKY_SELECTOR — Test harness selector 'a signup state from the' is malformed and failed to match any element. Howeve [src/pages/Users.tsx:354-367]
   step 4: EXPECTED — Search input was successfully filled with test value. Code implements debounced search with onChange [src/pages/Users.tsx:330-336]
   step 5: EXPECTED — Reset Filters button was found and clicked successfully. Code renders this button at line 387-398 in [src/pages/Users.tsx:387-398]

=== LOOP COMPLETE ===
{
 "flow": "Browse and Filter Users",
 "exec": "failed",
 "verification": {
  "flowCovered": true,
  "findings": [
   {
    "stepIndex": -1,
    "verdict": "expected",
    "reasoning": "Auth login step passed as expected; user logged in successfully",
    "codeRef": null
   },
   {
    "stepIndex": 0,
    "verdict": "expected",
    "reasoning": "Navigation to /users page succeeded as expected; Users component renders the page at correct route",
    "codeRef": "src/pages/Users.tsx:86"
   },
   {
    "stepIndex": 1,
    "verdict": "expected",
    "reasoning": "Search input field was found and focused; code renders search input at line 330-336",
    "codeRef": "src/pages/Users.tsx:330-336"
   },
   {
    "stepIndex": 2,
    "verdict": "expected",
    "reasoning": "Filters button was clicked successfully; code renders toggle button at line 338-345, which expands filter panel when clicked",
    "codeRef": "src/pages/Users.tsx:338-345"
   },
   {
    "stepIndex": 3,
    "verdict": "flaky_selector",
    "reasoning": "Test harness selector 'a signup state from the' is malformed and failed to match any element. However, the code renders a Signup State dropdown at line 354-367 that becomes visible after Filters button is clicked (line 348 shows conditional rendering). The failure is due to selector automation issue, not a code defect. Subsequent step 5 successfully finds Reset Filters button, confirming the filter panel did open.",
    "codeRef": "src/pages/Users.tsx:354-367"
   },
   {
    "stepIndex": 4,
    "verdict": "expected",
    "reasoning": "Search input was successfully filled with test value. Code implements debounced search with onChange handler at line 334 that calls handleSearch function (line 169-171), which updates searchInput state used in filter object (line 114)",
    "codeRef": "src/pages/Users.tsx:330-336"
   },
   {
    "stepIndex": 5,
    "verdict": "expected",
    "reasoning": "Reset Filters button was found and clicked successfully. Code renders this 
