
=== PLAN (SoA reads /Users/raghavkundra/Desktop/Dev/dent/apps/admin-ui) ===
  5 flow(s) generated:
   [0] Admin Login (owner) — 5 steps
   [1] Browse Users and View Details (owner) — 4 steps
   [2] Monitor AI Chat Conversations (owner) — 4 steps
   [3] Review and Filter User Plans (owner) — 5 steps
   [4] Send Bulk Notifications to Users (owner) — 9 steps

=== EXECUTE (Playwright drives "Browse Users and View Details" against https://admin.thedent.in) ===
  status: failed
   step -1: PASS  — logged in as ***@*** (url: https://admin.thedent.in/)
   step 0: PASS  
   step 1: PASS  
   step 2: PASS  
   step 3: FAIL  — locator.click: Timeout 6000ms exceeded.
Call log:
[2m  - waiting for getByRole(

=== VERIFY (SoA triages the result against /Users/raghavkundra/Desktop/Dev/dent/apps/admin-ui) ===
  flowCovered: false
   step -1: EXPECTED — Authentication step passed successfully; user logged in
   step 0: EXPECTED — Users page loads correctly with sidebar navigation; Users link present in Layout at path /users [src/components/Layout.tsx:99]
   step 1: EXPECTED — Filters dropdown button is present and rendered in the Users page [src/pages/Users.tsx:338-345]
   step 2: EXPECTED — Search input field is present and functional for filtering users by name, email, or phone [src/pages/Users.tsx:330-336]
   step 3: FLAKY_SELECTOR — The automation tool attempted to click the 'Add User' button instead of a user row in the table. The [src/pages/Users.tsx:463-552]

=== LOOP COMPLETE ===
{
 "flow": "Browse Users and View Details",
 "exec": "failed",
 "verification": {
  "flowCovered": false,
  "findings": [
   {
    "stepIndex": -1,
    "verdict": "expected",
    "reasoning": "Authentication step passed successfully; user logged in",
    "codeRef": null
   },
   {
    "stepIndex": 0,
    "verdict": "expected",
    "reasoning": "Users page loads correctly with sidebar navigation; Users link present in Layout at path /users",
    "codeRef": "src/components/Layout.tsx:99"
   },
   {
    "stepIndex": 1,
    "verdict": "expected",
    "reasoning": "Filters dropdown button is present and rendered in the Users page",
    "codeRef": "src/pages/Users.tsx:338-345"
   },
   {
    "stepIndex": 2,
    "verdict": "expected",
    "reasoning": "Search input field is present and functional for filtering users by name, email, or phone",
    "codeRef": "src/pages/Users.tsx:330-336"
   },
   {
    "stepIndex": 3,
    "verdict": "flaky_selector",
    "reasoning": "The automation tool attempted to click the 'Add User' button instead of a user row in the table. The error 'Timeout 6000ms exceeded' indicates the selector resolved to the wrong DOM element. The intended feature (clickable user rows that navigate to detail page) IS present in the code and functioning correctly. User rows are rendered at line 463 and are clickable with onClick navigation at line 466. This is a selector/automation mismatch, not a code defect.",
    "codeRef": "src/pages/Users.tsx:463-552"
   }
  ]
 }
}
