
=== PLAN (cached from /tmp/dent_cached_plan.json) ===
  5 flow(s):
   [0] Admin Login (admin) — 5 steps
   [1] Browse and Filter Users (admin) — 6 steps
   [2] View User Details and Plans (admin) — 4 steps
   [3] Monitor AI Chat Conversations (admin) — 5 steps
   [4] Send Bulk Notification to Users (admin) — 8 steps

=== EXECUTE (Playwright drives "Browse and Filter Users" against https://admin.thedent.in) ===
  status: failed
   step -1: PASS  — logged in as ***@*** (url: https://admin.thedent.in/)
   step 0: PASS  
   step 1: PASS  
   step 2: FAIL  — locator.click: Timeout 6000ms exceeded.
Call log:
[2m  - waiting for getByRole(
   step 3: FAIL  — no match for "a signup state from the" (best=0). Candidates on page: button:"Sea
   step 4: PASS  
   step 5: FAIL  — locator.click: Timeout 6000ms exceeded.
Call log:
[2m  - waiting for getByRole(

=== VERIFY (SoA triages the result against /Users/raghavkundra/Desktop/Dev/dent/apps/admin-ui) ===
  flowCovered: true
   step -1: EXPECTED — Auth login completed successfully as intended
   step 0: EXPECTED — Navigation to /users page succeeded, URL matches expected destination
   step 1: EXPECTED — Search field interaction completed; debounced search input handler exists and works (line 169-171 in [src/pages/Users.tsx:169-171]
   step 2: FLAKY_SELECTOR — Filters button was found and resolved (locator resolved to <button class="flex") but click action ti [src/pages/Users.tsx:338-345]
   step 3: FLAKY_SELECTOR — Selector failure is cascading from step 2. The filter dropdowns were never rendered because the Filt
   step 4: EXPECTED — Global search textbox interaction succeeded. The test attempted a different approach (global search)
   step 5: FLAKY_SELECTOR — Same Filters button click timeout as step 2. Button is rendered and found (locator resolved) but cli [src/pages/Users.tsx:338-345]

=== LOOP COMPLETE ===
{
 "flow": "Browse and Filter Users",
 "exec": "failed",
 "verification": {
  "flowCovered": true,
  "findings": [
   {
    "stepIndex": -1,
    "verdict": "expected",
    "reasoning": "Auth login completed successfully as intended",
    "codeRef": null
   },
   {
    "stepIndex": 0,
    "verdict": "expected",
    "reasoning": "Navigation to /users page succeeded, URL matches expected destination",
    "codeRef": null
   },
   {
    "stepIndex": 1,
    "verdict": "expected",
    "reasoning": "Search field interaction completed; debounced search input handler exists and works (line 169-171 in Users.tsx)",
    "codeRef": "src/pages/Users.tsx:169-171"
   },
   {
    "stepIndex": 2,
    "verdict": "flaky_selector",
    "reasoning": "Filters button was found and resolved (locator resolved to <button class=\"flex\") but click action timed out at 6000ms. This is a browser automation timing issue, not an app defect. The button is correctly implemented with proper event handler (line 338-345). No disabled attribute or blocking code present.",
    "codeRef": "src/pages/Users.tsx:338-345"
   },
   {
    "stepIndex": 3,
    "verdict": "flaky_selector",
    "reasoning": "Selector failure is cascading from step 2. The filter dropdowns were never rendered because the Filters button click timed out in step 2, so setShowFilters was never called. The page candidates (Search, Refresh, Export, Add User, Filters, User) are top-level buttons, not the signup state dropdown expected on the Users page. This is a test harness issue, not app code.",
    "codeRef": null
   },
   {
    "stepIndex": 4,
    "verdict": "expected",
    "reasoning": "Global search textbox interaction succeeded. The test attempted a different approach (global search) which worked. Shows the test framework can interact with UI elements.",
    "codeRef": null
   },
   {
    "stepIndex": 5,
    "verdict": "flaky_selector",
    "reasoning": "Same Filters button click timeout as step 2. Button is rendered and found (locat
